Black
Crimson
Blue
Cyan
BlueViolet
DarkBlue
Brown
DarkCyan
BurlyWood
DarkGoldenRod
CadetBlue
DarkGray
Chartreuse
DarkGreen
Chocolate
DarkKhaki
Coral
DarkMagenta
CornflowerBlue
DarkOliveGreen
Crimson
DarkOrange
Cyan
DarkOrchid
DarkBlue
DarkRed
DarkCyan
DarkSalmon
DarkGoldenRod
DarkSeaGreen
DarkGray
DarkSlateBlue
DarkGreen
DarkSlateGray
DarkKhaki
DarkSlateGrey
DarkMagenta
DarkTurquoise
DarkOliveGreen
DarkViolet
DarkOrange
DeepPink
DarkOrchid
DeepSkyBlue
DarkRed
DimGray
DarkSalmon
DodgerBlue
DarkSeaGreen
FireBrick
DarkSlateBlue
ForestGreen
DarkSlateGray
Fuchsia
DarkSlateGrey
Gainsboro
DarkTurquoise
Gold
DarkViolet
GoldenRod
DeepPink
Gray
DeepSkyBlue
Green
DimGray
GreenYellow
DodgerBlue
HotPink
Black
Crimson
Blue
Cyan
BlueViolet
DarkBlue
Brown
DarkCyan
BurlyWood
DarkGoldenRod
CadetBlue
DarkGray
Chartreuse
DarkGreen
Chocolate
DarkKhaki
Coral
DarkMagenta
CornflowerBlue
DarkOliveGreen
Crimson
DarkOrange
Cyan
DarkOrchid
DarkBlue
DarkRed
DarkCyan
DarkSalmon
DarkGoldenRod
DarkSeaGreen
DarkGray
DarkSlateBlue
DarkGreen
DarkSlateGray
DarkKhaki
DarkSlateGrey
DarkMagenta
DarkTurquoise
DarkOliveGreen
DarkViolet
DarkOrange
DeepPink
DarkOrchid
DeepSkyBlue
DarkRed
DimGray
DarkSalmon
DodgerBlue
DarkSeaGreen
FireBrick
DarkSlateBlue
ForestGreen
DarkSlateGray
Fuchsia
DarkSlateGrey
Gainsboro
DarkTurquoise
Gold
DarkViolet
GoldenRod
DeepPink
Gray
DeepSkyBlue
Green
DimGray
GreenYellow
DodgerBlue
HotPink
Black
Crimson
Blue
Cyan
BlueViolet
DarkBlue
Brown
DarkCyan
BurlyWood
DarkGoldenRod
CadetBlue
DarkGray
Chartreuse
DarkGreen
Chocolate
DarkKhaki
Coral
DarkMagenta
CornflowerBlue
DarkOliveGreen
Crimson
DarkOrange
Cyan
DarkOrchid
DarkBlue
DarkRed
DarkCyan
DarkSalmon
DarkGoldenRod
DarkSeaGreen
DarkGray
DarkSlateBlue
DarkGreen
DarkSlateGray
DarkKhaki
DarkSlateGrey
DarkMagenta
DarkTurquoise
DarkOliveGreen
DarkViolet
DarkOrange
DeepPink
DarkOrchid
DeepSkyBlue
DarkRed
DimGray
DarkSalmon
DodgerBlue
DarkSeaGreen
FireBrick
DarkSlateBlue
ForestGreen
DarkSlateGray
Fuchsia
DarkSlateGrey
Gainsboro
DarkTurquoise
Gold
DarkViolet
GoldenRod
DeepPink
Gray
DeepSkyBlue
Green
DimGray
GreenYellow
DodgerBlue
HotPink
Black
Crimson
Blue
Cyan
BlueViolet
DarkBlue
Brown
DarkCyan
BurlyWood
DarkGoldenRod
CadetBlue
DarkGray
Chartreuse
DarkGreen
Chocolate
DarkKhaki
Coral
DarkMagenta
CornflowerBlue
DarkOliveGreen
Crimson
DarkOrange
Cyan
DarkOrchid
DarkBlue
DarkRed
DarkCyan
DarkSalmon
DarkGoldenRod
DarkSeaGreen
DarkGray
DarkSlateBlue
DarkGreen
DarkSlateGray
DarkKhaki
DarkSlateGrey
DarkMagenta
DarkTurquoise
DarkOliveGreen
DarkViolet
DarkOrange
DeepPink
DarkOrchid
DeepSkyBlue
DarkRed
DimGray
DarkSalmon
DodgerBlue
DarkSeaGreen
FireBrick
DarkSlateBlue
ForestGreen
DarkSlateGray
Fuchsia
DarkSlateGrey
Gainsboro
DarkTurquoise
Gold
DarkViolet
GoldenRod
DeepPink
Gray
DeepSkyBlue
Green
DimGray
GreenYellow
DodgerBlue
HotPink