Black
Blue
BlueViolet
Brown
BurlyWood
CadetBlue
Chartreuse
Chocolate
Coral
CornflowerBlue
Crimson
Cyan
DarkBlue
DarkCyan
DarkGoldenRod
DarkGray
DarkGreen
DarkKhaki
DarkMagenta
DarkOliveGreen
DarkOrange
DarkOrchid
DarkRed
DarkSalmon
DarkSeaGreen
DarkSlateBlue
DarkSlateGrey
DarkTurquoise
DarkViolet
DeepPink
DeepSkyBlue
DimGray
DodgerBlue
FireBrick
ForestGreen
Fuchsia
Gainsboro
Gold
GoldenRod
Gray
Green
GreenYellow
HotPink


["CadetBlue","BurlyWood"],
["Chartreuse","CadetBlue"],
["Chocolate","Chartreuse"],
["Coral","Chocolate"],
["CornflowerBlue","Coral"],
["Crimson","CornflowerBlue"],
["Cyan","Crimson"],
["DarkBlue","Cyan"],
["DarkCyan","DarkBlue"],
["DarkGoldenRod","DarkCyan"],
["DarkGray","DarkGoldenRod"],
["DarkGreen","DarkGray"],
["DarkKhaki","DarkGreen"],
["DarkMagenta","DarkKhaki"],
["DarkOliveGreen","DarkMagenta"],
["DarkOrange","DarkOliveGreen"],
["DarkOrchid","DarkOrange"],
["DarkRed","DarkOrchid"],
["DarkSalmon","DarkRed"],
["DarkSeaGreen","DarkSalmon"],
["DarkSlateBlue","DarkSeaGreen"],
["DarkSlateGrey","DarkSlateBlue"],
["DarkTurquoise","DarkSlateGrey"],
["DarkViolet","DarkTurquoise"],
["DeepPink","DarkViolet"],
["DeepSkyBlue","DeepPink"],
["DimGray","DeepSkyBlue"],
["DodgerBlue","DimGray"],
["FireBrick","DodgerBlue"],
["ForestGreen","FireBrick"],
["Fuchsia","ForestGreen"],
["Gainsboro","Fuchsia"],
["Gold","Gainsboro"],
["GoldenRod","Gold"],
["Gray","GoldenRod"],
["Green","Gray"],
["GreenYellow","Green"],
["HotPink","GreenYellow"],
["Brown","BlueViolet"],
["BurlyWood","Brown"],
["CadetBlue","BurlyWood"],
["Chartreuse","CadetBlue"],
["Chocolate","Chartreuse"],
["Coral","Chocolate"],
["CornflowerBlue","Coral"],
["Crimson","CornflowerBlue"],
["Cyan","Crimson"],
["DarkBlue","Cyan"],
["DarkCyan","DarkBlue"],
["DarkGoldenRod","DarkCyan"],
["DarkGray","DarkGoldenRod"],
["DarkGreen","DarkGray"],
["DarkKhaki","DarkGreen"],
["DarkMagenta","DarkKhaki"],
["DarkOliveGreen","DarkMagenta"],
["DarkOrange","DarkOliveGreen"],
["DarkOrchid","DarkOrange"],
["DarkRed","DarkOrchid"],
["DarkSalmon","DarkRed"],
["DarkSeaGreen","DarkSalmon"],
["DarkSlateBlue","DarkSeaGreen"],
["DarkSlateGrey","DarkSlateBlue"],
["DarkTurquoise","DarkSlateGrey"],
["DarkViolet","DarkTurquoise"],
["DeepPink","DarkViolet"],
["DeepSkyBlue","DeepPink"],
["DimGray","DeepSkyBlue"],
["DodgerBlue","DimGray"],
["FireBrick","DodgerBlue"],
["ForestGreen","FireBrick"],
["Fuchsia","ForestGreen"],
["Gainsboro","Fuchsia"],
["Gold","Gainsboro"],
["GoldenRod","Gold"],
["Gray","GoldenRod"],
["Green","Gray"],
["Blue","Black"],
["BlueViolet","Blue"],
["Brown","BlueViolet"],
["BurlyWood","Brown"],
["CadetBlue","BurlyWood"],
["Chartreuse","CadetBlue"],
["Chocolate","Chartreuse"],
["Coral","Chocolate"],
["CornflowerBlue","Coral"],
["Crimson","CornflowerBlue"],
["Cyan","Crimson"],
["DarkBlue","Cyan"],
["DarkCyan","DarkBlue"],
["DarkGoldenRod","DarkCyan"],
["DarkGray","DarkGoldenRod"],
["DarkGreen","DarkGray"],
["DarkKhaki","DarkGreen"],
["DarkMagenta","DarkKhaki"],
["DarkOliveGreen","DarkMagenta"],
["DarkOrange","DarkOliveGreen"],
["DarkOrchid","DarkOrange"],
["DarkRed","DarkOrchid"],
["DarkSalmon","DarkRed"],
["DarkSeaGreen","DarkSalmon"],
["DarkSlateBlue","DarkSeaGreen"],
["DarkSlateGrey","DarkSlateBlue"],
["DarkTurquoise","DarkSlateGrey"],
["DarkViolet","DarkTurquoise"],
["DeepPink","DarkViolet"],
["DeepSkyBlue","DeepPink"],
["DimGray","DeepSkyBlue"],
["DodgerBlue","DimGray"],
["FireBrick","DodgerBlue"],
["ForestGreen","FireBrick"],
["Fuchsia","ForestGreen"]
["Gainsboro","Fuchsia
["Gold","Gainsboro
["GoldenRod","Gold